// Jest Snapshot v1, https://goo.gl/fbAQLP

exports[`ColorPicker displays prop color swatch #ffffff 1`] = `ReactWrapper {}`;

exports[`ColorPicker matches default state snapshot 1`] = `ReactWrapper {}`;
