// Jest Snapshot v1, https://goo.gl/fbAQLP

exports[`ProgressBar matches default state snapshot 1`] = `ReactWrapper {}`;

exports[`ProgressBar should set step 2 active 1`] = `ReactWrapper {}`;
